EN keyboard NULL C:/Users/ytl/Desktop/Misledom/keyboard/Keyboard.vhd sub00/vhpl00 1480268292
MO keyboard_decoder NULL keyboard_decoder.v vlg0A/keyboard__decoder.bin 1480268292
MO seg_displayer NULL seg_displayer.v vlg17/seg__displayer.bin 1480268292
AR keyboard_ctrl bhv_keyboard_ctrl C:/Users/ytl/Desktop/Misledom/keyboard/keyboard_ctrl.vhd sub00/vhpl03 1480268295
EN keyboard_ctrl NULL C:/Users/ytl/Desktop/Misledom/keyboard/keyboard_ctrl.vhd sub00/vhpl02 1480268294
AR keyboard rtl C:/Users/ytl/Desktop/Misledom/keyboard/Keyboard.vhd sub00/vhpl01 1480268293
