V3 11
FL C:/Users/ytl/Desktop/Misledom/keyboard/Keyboard.vhd 2016/11/27.13:48:45 P.20131013
EN work/Keyboard 1480227680 \
      FL C:/Users/ytl/Desktop/Misledom/keyboard/Keyboard.vhd \
      PB ieee/std_logic_1164 1381692176 PB ieee/STD_LOGIC_UNSIGNED 1381692179 \
      PB ieee/std_logic_arith 1381692177
AR work/Keyboard/rtl 1480227681 \
      FL C:/Users/ytl/Desktop/Misledom/keyboard/Keyboard.vhd EN work/Keyboard 1480227680
FL C:/Users/ytl/Desktop/Misledom/keyboard/seg7.vhd 2016/11/27.13:40:17 P.20131013
EN work/seg7 1480226259 FL C:/Users/ytl/Desktop/Misledom/keyboard/seg7.vhd \
      PB ieee/std_logic_1164 1381692176 PB ieee/STD_LOGIC_UNSIGNED 1381692179 \
      PB ieee/std_logic_arith 1381692177
AR work/seg7/behave 1480226260 \
      FL C:/Users/ytl/Desktop/Misledom/keyboard/seg7.vhd EN work/seg7 1480226259
FL C:/Users/ytl/Desktop/Misledom/keyboard/top.vhd 2016/11/27.14:04:38 P.20131013
EN work/top 1480227682 FL C:/Users/ytl/Desktop/Misledom/keyboard/top.vhd \
      PB ieee/std_logic_1164 1381692176 PB ieee/STD_LOGIC_UNSIGNED 1381692179 \
      PB ieee/std_logic_arith 1381692177
AR work/top/behave 1480227683 \
      FL C:/Users/ytl/Desktop/Misledom/keyboard/top.vhd EN work/top 1480227682 \
      CP Keyboard CP seg_displayer
